<?xml version="1.0" encoding="UTF-8"?><html><head><title>
               Caption for image of Noah</title><meta http-equiv="content-type" content="text/html; charset=UTF-8"/><link rel="stylesheet" type="text/css" media="screen, projection" href="../xsl/global.css"/></head><body><h1>
               Caption for image of Noah</h1><div id="stone"><h3 class="iospe">Monument</h3><dl class="iospe"><dt width="150" align="left">Type of monument</dt><dd>floor</dd><dt width="150" align="left">Material</dt><dd>Mosaic</dd><dt width="150" align="left">Description and condition</dt><dd>Mosaic floor.</dd></dl><dl class="iospe"><dt width="150" align="left">Find place</dt><dd>Apollonia</dd><dt width="150" align="left">Find circumstances</dt><dd>Unknown</dd><dt width="150" align="left">Find context</dt><dd>Unknown</dd><dt width="150" align="left">Modern location</dt><dd>
                           
                              Apollonia Museum.
                        </dd><dt width="150" align="left">Dimensions</dt><dd>Unknown</dd><dt width="150" align="left">Institution and inventory</dt><dd>Unknown</dd></dl></div><div id="text-field"><h3 class="iospe">Inscribed field</h3><dl class="iospe"><dt width="150" align="left">Placement of text</dt><dd>
                           Mosaic lettering, in a panel representing Noah as he
                           releases the dove from the Ark.
                        </dd><dt width="150" align="left">Style of lettering</dt><dd/><dt width="150" align="left">Letterheights</dt><dd>0.09</dd></dl></div><div id="text"><h3 class="iospe">Text</h3><dl class="iospe"><dt>Origin</dt><dd>Findspot.</dd><dt>Category</dt><dd>Not specified</dd><dt>Date</dt><dd>Sixth century A.D.</dd><dt>Dating criteria</dt><dd>mosaic</dd><dt>Editions</dt><dd><div id="bibliography"> <h3>Bibliography</h3> <p> 9, whence SEG 18.760 (= PHI 324459); 3 and pl. LVII; p. 150, with plate, and discussion at 61, whence SEG 30.1782 (= PHI 324530);  57.1. </p> </div></dd></dl><div id="edition" class="iospe"><div id="edition" lang="grc">  <div class="textpart"><span class="ab">  <a id="al1"><!--0--></a>Νῶε </span></div>  </div></div><div id="apparatus" class="iospe"><h4 class="iospe">Apparatus</h4></div><div id="translation" class="iospe"><h4 class="iospe">Translation</h4><p>Noah.</p></div><div id="commentary" class="iospe"><h4 class="iospe">Commentary</h4><p>This is, so far, the only church mosaic in Cyrenaica to show a biblical scene. Rosenbaum discussed its depiction of Noah releasing from the ark, arguing that it is is rather old-fashioned for the time.</p></div></div></body></html>