<?xml version="1.0" encoding="UTF-8"?><html><head><title>C49000. Funerary fragment</title><meta http-equiv="content-type" content="text/html; charset=UTF-8"/><link rel="stylesheet" type="text/css" media="screen, projection" href="../xsl/global.css"/></head><body>  <div id="bibliography">  <h3>Bibliography</h3>  <p/>  </div>  <div id="edition" lang="grc">  <div class="textpart"><span class="ab">  <a id="al0"><!--0--></a><span lang="en" class="gap">------</span>  <br id="al1"/>Εὐ<span lang="en" class="gap">[---]</span>  <br id="al2"/>Ἰουλ[ίου?] <br id="al3"/>ις´ </span></div>  </div>  <div id="translation"><h3>Translation</h3><p/></div>  <div id="commentary">  <h3>Commentary</h3>  <p>Aged 16.</p>  </div>  <div id="license"> <p>Creative Commons licence Attribution UK 2.0 (http://creativecommons.org/licenses/by/2.0/uk/)</p> <p>All reuse or distribution of this work must contain somewhere a link back to the URL http://inslib.kcl.ac.uk/ </p> </div></body></html>