<?xml version="1.0" encoding="UTF-8"?><html><head><title>Funerary fragment</title><meta http-equiv="content-type" content="text/html; charset=UTF-8"/><link rel="stylesheet" type="text/css" media="screen, projection" href="../xsl/global.css"/></head><body><h1>Funerary fragment</h1><div id="stone"><h3 class="iospe">Monument</h3><dl class="iospe"><dt width="150" align="left">Type of monument</dt><dd>stele</dd><dt width="150" align="left">Material</dt><dd>limestone</dd><dt width="150" align="left">Description and condition</dt><dd>Fragment from the lower part of a limestone stele 
                              (
                                 0.21
                                 0.19
                                 0.10
                              ).</dd></dl><dl class="iospe"><dt width="150" align="left">Find place</dt><dd>Cyrene</dd><dt width="150" align="left">Find circumstances</dt><dd>Unknown</dd><dt width="150" align="left">Find context</dt><dd>Unknown</dd><dt width="150" align="left">Modern location</dt><dd>
                           
                              Cyrene Museum.
                        </dd><dt width="150" align="left">Dimensions</dt><dd>Unknown</dd><dt width="150" align="left">Institution and inventory</dt><dd>Unknown</dd></dl></div><div id="text-field"><h3 class="iospe">Inscribed field</h3><dl class="iospe"><dt width="150" align="left">Placement of text</dt><dd>Inscribed on one face within an incised panel 
                           (
                              0.14
                              0.115
                           ).</dd><dt width="150" align="left">Style of lettering</dt><dd/><dt width="150" align="left">Letterheights</dt><dd>0.02</dd></dl></div><div id="text"><h3 class="iospe">Text</h3><dl class="iospe"><dt>Origin</dt><dd>Unknown.</dd><dt>Category</dt><dd>Not specified</dd><dt>Date</dt><dd>First - third century A.D.</dd><dt>Dating criteria</dt><dd>lettering</dd><dt>Editions</dt><dd><div id="bibliography"> <h3>Bibliography</h3> <p/> </div></dd></dl><div id="edition" class="iospe"><div id="edition" lang="grc">  <div class="textpart"><span class="ab">  <a id="al0"><!--0--></a><span lang="en" class="gap">------</span>  <br id="al1"/>Εὐ<span lang="en" class="gap">[---]</span>  <br id="al2"/>Ἰουλ[ίου?] <br id="al3"/>ις´ </span></div>  </div></div><div id="apparatus" class="iospe"><h4 class="iospe">Apparatus</h4></div><div id="translation" class="iospe"><h4 class="iospe">Translation</h4><p/></div><div id="commentary" class="iospe"><h4 class="iospe">Commentary</h4><p>Aged 16.</p></div></div></body></html>