<?xml version="1.0" encoding="UTF-8"?><html><head><title>Надгробие Артемидора, сына Гефестия </title><meta http-equiv="content-type" content="text/html; charset=UTF-8"/><link rel="stylesheet" type="text/css" media="screen, projection" href="../xsl/global.css"/></head><body><h1>Надгробие Артемидора, сына Гефестия </h1><div id="stone"><h3 class="iospe">Monument</h3><dl class="iospe"><dt width="150" align="left">Type of monument</dt><dd>Стела. Stele.</dd><dt width="150" align="left">Material</dt><dd>Известняк. Limestone.</dd><dt width="150" align="left">Description and condition</dt><dd>Верхняя часть стелы, украшенной карнизом и монолитным акротерием. Под карнизом вырезана двухстрочная надпись. </dd></dl><dl class="iospe"><dt width="150" align="left">Find place</dt><dd>Черноморское (Северо-Западный Крым). Chernomorskoye.</dd><dt width="150" align="left">Find circumstances</dt><dd>Найдена случайно в 2008 г. на северном берегу Ак-Мечетской бухты (извлечена со дна моря). </dd><dt width="150" align="left">Find context</dt><dd>Unknown</dd><dt width="150" align="left">Modern location</dt><dd>
                     Черноморское, Крым.
                     Chernomorskoye, Crimea.
                  </dd><dt width="150" align="left">Dimensions</dt><dd>H. 48,0,W. 31,0,Th. 14,0</dd><dt width="150" align="left">Institution and inventory</dt><dd>Историко-археологический музей-заповедник «Калос Лимен». Historical-Archeological Preserve “Kalos Limen”.Без № No number.</dd></dl></div><div id="text-field"><h3 class="iospe">Inscribed field</h3><dl class="iospe"><dt width="150" align="left">Placement of text</dt><dd>
                           
                           
                        </dd><dt width="150" align="left">Style of lettering</dt><dd/><dt width="150" align="left">Letterheights</dt><dd>3</dd></dl></div><div id="text"><h3 class="iospe">Text</h3><dl class="iospe"><dt>Origin</dt><dd>
                        Калос Лимен.
                        Kalos Limen.
                     </dd><dt>Category</dt><dd>
                     Надгробие.
                     Epitaph.
                  </dd><dt>Date</dt><dd>
                        Вторая половина IV - начало III в. до н. э.
                        2nd half of IVth - early IIIrd century B.C.
                     </dd><dt>Dating criteria</dt><dd>Палеография, Орфография, Исторический, контекст</dd><dt>Editions</dt><dd><div id="bibliography"><h2>bibliography</h2>  <ul> , 73, № 3 (маюскульная копия) </ul> </div><div id="bibliography"><h2>bibliography: commentaries</h2>  <ul>  </ul> </div></dd></dl><div id="edition" class="iospe"><div id="edition" lang="grc">  <div class="textpart"><span class="ab">  <a id="al1"><!--0--></a>Ἀρτιμίδωρος <br id="al2"/>Ἁφαιστίο </span></div>  </div></div><div id="apparatus" class="iospe"><h4 class="iospe">Apparatus</h4>  <span class=""/>  </div><div id="translation" class="iospe"><h4 class="iospe">Translation</h4><p>Артемидор, (сын) Гефестия.</p><p/></div><div id="commentary" class="iospe"><h4 class="iospe">Commentary</h4><p/><p/></div></div></body></html>