<?xml version="1.0" encoding="UTF-8"?><html><head><title>Метрическая эпитафия Metrical epitaph</title><meta http-equiv="content-type" content="text/html; charset=UTF-8"/><link rel="stylesheet" type="text/css" media="screen, projection" href="../xsl/global.css"/></head><body><h1>Метрическая эпитафия Metrical epitaph</h1><div id="stone"><h3 class="iospe">Monument</h3><dl class="iospe"><dt width="150" align="left">Type of monument</dt><dd>Плита. Panel.</dd><dt width="150" align="left">Material</dt><dd>Мрамор. Marble.</dd><dt width="150" align="left">Description and condition</dt><dd>Обломана со всех сторон. Лицевой фас плиты тщательно
                              обработан, тыльная сторона плиты обработана суммарно. На лицевой
                              стороне сохранилось двенадцать строк надписи, вырезанной по
                              предварительной разметке. </dd></dl><dl class="iospe"><dt width="150" align="left">Find place</dt><dd>Севастополь
                           (Херсонес). Sevastopol (Chersonesos).</dd><dt width="150" align="left">Find circumstances</dt><dd>Найдена в 1987 г. в юго-восточном районе
                           херсонесского городища на участке «цитадели» в засыпи куртины 19
                           оборонительной стены. Раскопки И.А. Антоновой. Found in....</dd><dt width="150" align="left">Find context</dt><dd>Unknown</dd><dt width="150" align="left">Modern location</dt><dd>
                     Севастополь.
                     Sevastopol.
                  </dd><dt width="150" align="left">Dimensions</dt><dd>H. 26,0,W. 17,0,Th. 7,5</dd><dt width="150" align="left">Institution and inventory</dt><dd>Национальный заповедник "Херсонес Таврический" National Preserve of Tauric Chersonesos30/37193 30/37193</dd></dl></div><div id="text-field"><h3 class="iospe">Inscribed field</h3><dl class="iospe"><dt width="150" align="left">Placement of text</dt><dd>
                           
                           
                        </dd><dt width="150" align="left">Style of lettering</dt><dd/><dt width="150" align="left">Letterheights</dt><dd>1,0</dd></dl></div><div id="text"><h3 class="iospe">Text</h3><dl class="iospe"><dt>Origin</dt><dd>
                        Херсонес.
                        Chersonesos.
                     </dd><dt>Category</dt><dd>
                     Надгробная надпись.
                     Epitaph.
                  </dd><dt>Date</dt><dd>
                        II в. н.э.
                        IInd century C.E.
                     </dd><dt>Dating criteria</dt><dd>палеография</dd><dt>Editions</dt><dd><div id="bibliography"><h2>bibliography</h2>  <ul>  113  ( 59, 815  2010, 463) </ul> </div><div id="bibliography"><h2>bibliography: commentaries</h2>  <ul>  </ul> </div></dd></dl><div id="edition" class="iospe"><div id="edition" lang="grc">  <div class="textpart"><span class="ab">  <a id="al0"><!--0--></a>( vac. ) <br id="al1"/><div class="textpart" lang="grc"><span lang="en" class="gap">[------?</span> ἔκρυψ]ε̣ χ̣θὼν μὲν ΡΑ<span lang="en" class="gap">[---]</span>  <br id="al2"/><span lang="en" class="gap">[------</span>σῶ]μ̣'̣ ὑποδεξαμέν̣[α <span lang="en" class="gap">------]</span></div>  <br id="al3"/><div class="textpart" lang="grc"><span lang="en" class="gap">[------</span> ψυχὰ] πταμένα ποτ’ Ὄλυμ̣[πον] <br id="al4"/><span lang="en" class="gap">[------</span> μ]ε&lt;λ&gt;ισταγέος ( vac. ).</div>  <br id="al5"/><span class="linenumber">5</span><div class="textpart" lang="grc"><span lang="en" class="gap">[------</span> Ἀίδας?] ε̣ὐνὰς ἐπόρεξε ταν̣[ύσας <span lang="en" class="gap">---]</span>  <br id="al6"/><span lang="en" class="gap">[------</span> ο]ἴμου ( vac. 4). ἐπουρα̣ν[ίων <span lang="en" class="gap">---]</span></div>  <br id="al7"/><div class="textpart" lang="grc"><span lang="en" class="gap">[------]</span> ὑπὸ δαίμονος ἁρπ̣[α<span lang="en" class="gap">------]</span>  <br id="al8"/><span lang="en" class="gap">[------</span> θεᾷ π]ε̣ίθεθ’ ὑποχθονίᾳ ( vac. )</div>  <br id="al9"/><div class="textpart" lang="grc"><span lang="en" class="gap">[------]</span>ΛΛΟΣ ἔφυ ΚΑΚΟ<span lang="en" class="gap">[.]</span>Η<span lang="en" class="gap">[---]</span>  <br id="al10"/><span class="linenumber">10</span><span lang="en" class="gap">[------]</span>Σ φωτὸς ΙΔΜ̣<span lang="en" class="gap">[---]</span></div>  <br id="al11"/><div class="textpart" lang="grc"><span lang="en" class="gap">[------</span> Ἄιδο]ς ἀστεμφέο[ς <span lang="en" class="gap">---]</span>  <br id="al12"/><span lang="en" class="gap">[------</span> π]ά̣γχυ ποιή̣[σας? <span lang="en" class="gap">---]</span></div>  <br id="al13"/>( vac. ) </span></div>  </div></div><div id="apparatus" class="iospe"><h4 class="iospe">Apparatus</h4>  <span class="">  <span>В конце стк. 4 и 8 vacat обозначает, очевидно, окончание пентаметра.</span>  </span>; <span class="1">  <span>в конце строки видна нижняя часть вертикали и следы косой гасты (возможно, Ν, Κ, Μ, Λ).</span>  </span><br/>  <span class="3">3: <span>в конце строки след от косой черты, вероятно, M.</span>  </span><br/>  <span class="3/4">3/4: <span>e.g.</span> [ἀθάνατος δ’ αἰεὶ ψυχὰ] πταμένα ποτ’ Ὄλυμ̣[πον | ναιετάει χώρου δῶμα μ]ε[λ]ισταγέος. </span><br/>  <span class="4">4: ΕΔΙΣΤΑΓΕΟΣ <span>lapis.</span>  </span><br/>  <span class="7">7: <span>в начале строки след неопределенной буквы (T ?);</span>  <span>fin.:</span>ἁρπ̣[ασθέντι] <span>vel</span> ἁρπ̣[ασθεῖσα] </span><br/>  <span class="9">9: <span>в конце строки вероятна S.</span>  </span><br/>  <span class="10">10: <span>e.g.</span> φωτὸς ἴδμ̣[ονος εὐσεβίας] </span>; <span class="10">  <span>в конце строки, вероятно, M или A.</span>  </span><br/>  <span class="11">11: <span>cf. GV 15124: </span>ἀστημφὴς Ἀίδης. </span><br/>  <span class="12">12: <span>от последней буквы сохранилась вертикальная гаста (H ?).</span>  </span>  </div><div id="translation" class="iospe"><h4 class="iospe">Translation</h4><p>[--- Аид] широко расстелил (свое) ложе, --- дороги бессмертных, --- похищенному роком, --- повиновался подземной [богине ---].</p><p/></div><div id="commentary" class="iospe"><h4 class="iospe">Commentary</h4><p> Метрически завершение укороченных строк 4 и 8 соответствует одной и той же схеме: –∪∪–, что указывает на окончание пентаметра.</p><p>II в. н.э. (вероятно, вторая треть II в. н.э.).</p><p>II century C.E. (probably middle of II century).</p></div></div></body></html>