<?xml version="1.0" encoding="UTF-8"?><html><head><title>Декрет (?) римского времени Decree (?)</title><meta http-equiv="content-type" content="text/html; charset=UTF-8"/><link rel="stylesheet" type="text/css" media="screen, projection" href="../xsl/global.css"/></head><body><h1>Декрет (?) римского времени Decree (?)</h1><div id="stone"><h3 class="iospe">Monument</h3><dl class="iospe"><dt width="150" align="left">Type of monument</dt><dd>Плита. Panel.</dd><dt width="150" align="left">Material</dt><dd>Мрамор. Marble.</dd><dt width="150" align="left">Description and condition</dt><dd>Два не соединяющихся фрагмента плиты, обломанных со всех сторон. Лицевая и тыльная стороны хорошо отполированы. 
                              На каждом фрагменте сохранились остатки трех строк надписи, вырезанной по предварительной разметке. </dd></dl><dl class="iospe"><dt width="150" align="left">Find place</dt><dd>Севастополь (Херсонес). Sevastopol (Chersonesos).</dd><dt width="150" align="left">Find circumstances</dt><dd>Найдены в 1976 г. Раскопки  М.И. Золотарева. </dd><dt width="150" align="left">Find context</dt><dd>в северо-восточном районе Херсонеса, в колодце на площади около Восточной базилики. </dd><dt width="150" align="left">Modern location</dt><dd>
                     Севастополь.
                     Sevastopol.
                  </dd><dt width="150" align="left">Dimensions</dt><dd>H. 4,0 5,0,W. 6,0 5,0,Th. 3,0 3,0</dd><dt width="150" align="left">Institution and inventory</dt><dd>Национальный заповедник "Херсонес Таврический" National Preserve of Tauric Chersonesos Национальный заповедник "Херсонес Таврический" National Preserve of Tauric Chersonesos143/36934 143/36934 144/36934 144/36934</dd></dl></div><div id="text-field"><h3 class="iospe">Inscribed field</h3><dl class="iospe"><dt width="150" align="left">Placement of text</dt><dd>
                           
                           
                        </dd><dt width="150" align="left">Style of lettering</dt><dd/><dt width="150" align="left">Letterheights</dt><dd>1,2</dd></dl></div><div id="text"><h3 class="iospe">Text</h3><dl class="iospe"><dt>Origin</dt><dd>
                        Херсонес.
                        Chersonesos.
                     </dd><dt>Category</dt><dd>
                     Декрет (?)
                     Decree (?)
                  </dd><dt>Date</dt><dd>
                        2-я пол. II – нач. III в. н.э.
                        2nd half of IInd - early IIIrd cent. C.E.
                     </dd><dt>Dating criteria</dt><dd>Палеография</dd><dt>Editions</dt><dd><div id="bibliography"><h2>bibliography</h2>  <ul> , 68, № 2 </ul> </div><div id="bibliography"><h2>bibliography: commentaries</h2>  <ul>  33, 595-596 </ul> </div></dd></dl><div id="edition" class="iospe"><div id="edition" lang="grc">  <span class="textpartnumber" id="ab1">1</span>  <div class="textpart"><span class="ab">  <a id="a1-l0"><!--0--></a><span lang="en" class="gap">------</span>  <br id="a1-l1"/><span lang="en" class="gap">[---]</span>Α̣Τ̣<span lang="en" class="gap">[---]</span>  <br id="a1-l2"/><span lang="en" class="gap">[---]</span>ΑΥΤΟ<span lang="en" class="gap">+</span><span lang="en" class="gap">[---]</span>  <br id="a1-l3"/><span lang="en" class="gap">[---]</span><span lang="en" class="gap">+</span>ΑΣΜΙΩ̣<span lang="en" class="gap">[---]</span>  <br id="a1-l3a"/><span lang="en" class="gap">------</span>  </span></div>  <span class="textpartnumber" id="ab2">2</span>  <div class="textpart"><span class="ab">  <a id="a2-l0"><!--0--></a><span lang="en" class="gap">------</span>  <br id="a2-l1"/><span lang="en" class="gap">[---]</span><span lang="en" class="gap">+</span><span lang="en" class="gap">[---]</span>  <br id="a2-l2"/><span lang="en" class="gap">[---]</span>Α̣ΤΟ̣<span lang="en" class="gap">[---]</span>  <br id="a2-l3"/><span lang="en" class="gap">[---]</span>ΤΑΤ<span lang="en" class="gap">[---]</span>  <br id="a2-l3a"/><span lang="en" class="gap">------</span>  </span></div>  </div></div><div id="apparatus" class="iospe"><h4 class="iospe">Apparatus</h4></div><div id="translation" class="iospe"><h4 class="iospe">Translation</h4><p/><p/></div><div id="commentary" class="iospe"><h4 class="iospe">Commentary</h4><p/><p/></div></div></body></html>