<?xml version="1.0" encoding="UTF-8"?><html><head><title>PE3000487. Декрет (?) римского времени Decree (?)</title><meta http-equiv="content-type" content="text/html; charset=UTF-8"/><link rel="stylesheet" type="text/css" media="screen, projection" href="../xsl/global.css"/></head><body>  <div id="bibliography"><h2>bibliography</h2>  <ul> , 68, № 2 </ul>  </div>  <div id="bibliography"><h2>bibliography: commentaries</h2>  <ul> 33, 595-596 </ul>  </div>  <div id="edition" lang="grc">  <span class="textpartnumber" id="ab1">1</span>  <div class="textpart"><span class="ab">  <a id="a1-l0"><!--0--></a><span lang="en" class="gap">------</span>  <br id="a1-l1"/><span lang="en" class="gap">[---]</span>Α̣Τ̣<span lang="en" class="gap">[---]</span>  <br id="a1-l2"/><span lang="en" class="gap">[---]</span>ΑΥΤΟ<span lang="en" class="gap">+</span><span lang="en" class="gap">[---]</span>  <br id="a1-l3"/><span lang="en" class="gap">[---]</span><span lang="en" class="gap">+</span>ΑΣΜΙΩ̣<span lang="en" class="gap">[---]</span>  <br id="a1-l3a"/><span lang="en" class="gap">------</span>  </span></div>  <span class="textpartnumber" id="ab2">2</span>  <div class="textpart"><span class="ab">  <a id="a2-l0"><!--0--></a><span lang="en" class="gap">------</span>  <br id="a2-l1"/><span lang="en" class="gap">[---]</span><span lang="en" class="gap">+</span><span lang="en" class="gap">[---]</span>  <br id="a2-l2"/><span lang="en" class="gap">[---]</span>Α̣ΤΟ̣<span lang="en" class="gap">[---]</span>  <br id="a2-l3"/><span lang="en" class="gap">[---]</span>ΤΑΤ<span lang="en" class="gap">[---]</span>  <br id="a2-l3a"/><span lang="en" class="gap">------</span>  </span></div>  </div>  <div id="apparatus"><h2>apparatus</h2><p>  <div><h2>textpart</h2>  <span class="2">2: <span>в конце стк. видна часть вертикальной гасты</span>  </span><br/>  <span class="2-3">2-3: [- - -] Αὐτοκ̣[ράτορι Καίσαρι - - - / - - - σεβ]ασμίω[ι - - -] <span>ed. pr.</span>  </span><br/>  <span class="3">3: <span>в начале стк. след изогнутой линии</span>  <span>om. ed. pr.</span>  </span>  </div>  <div><h2>textpart</h2>  <span class="1">1: <span>видна нижняя часть наклонной гасты</span>  </span><br/>  <span class="2-3">2-3: [τὸ δὲ ψάφισμ]α το̣[ῦτο ἀναγραφᾶμεν λευκολίθου στάλᾳ καὶ θέμεν / ἐν τῷ ἐπισαμο]τάτ[ῳ τᾶς πόλιος τόπῳ - - -] <span>ed. pr.</span>  </span>  </div>  </p></div>  <div id="translation"><h2> translation</h2>  <p/>  </div>  <div id="translation"><h2> translation</h2>  <p/>  </div>  <div id="commentary"><h2>commentary</h2>  <p/>  </div>  <div id="commentary"><h2>commentary</h2>  <p/>  </div>  <div id="license"/></body></html>