<?xml version="1.0" encoding="UTF-8"?><html><head><title>Надгробие Эсхина Epitaph of Aischinas</title><meta http-equiv="content-type" content="text/html; charset=UTF-8"/><link rel="stylesheet" type="text/css" media="screen, projection" href="../xsl/global.css"/></head><body><h1>Надгробие Эсхина Epitaph of Aischinas</h1><div id="stone"><h3 class="iospe">Monument</h3><dl class="iospe"><dt width="150" align="left">Type of monument</dt><dd>Стела. Stele.</dd><dt width="150" align="left">Material</dt><dd>Известняк. Limestone.</dd><dt width="150" align="left">Description and condition</dt><dd>Верхняя часть стелы с карнизом с антефиксами. Лицевая
                              грань украшена рельефными розетками. Между карнизом и розетками  без
                              предварительной разметки вырезана двухстрочная надпись. Под розетками
                              коричневой краской нанесено изображение суковатого посоха. Upper part of a stele bearing cornice with antefixes. On the front - two relief rosettes. Between the cornice and 
                              rosettes - a two-line inscription is carved {без предварительной разметки}. Below the rosettes - knobbly stick painted in brown.</dd></dl><dl class="iospe"><dt width="150" align="left">Find place</dt><dd>Севастополь
                           (Херсонес). Sevastopol (Chersonesos).</dd><dt width="150" align="left">Find circumstances</dt><dd>Найдена в 1960 г. Раскопки
                           С.Ф. Стржелецкого (НА НЗХТ, д. 30). Found in 1960, excavations of S.F. Strzheletsky (НА НЗХТ, д. 30).</dd><dt width="150" align="left">Find context</dt><dd>Юго-восточный район Херсонеса, оборонительные стены, ядро башни XVII (башня Зенона), кладка. Southeast sector of Chersonesos, fortification walls, Tower XVII ("Zeno's Tower"), masonry.</dd><dt width="150" align="left">Modern location</dt><dd>
                     Санкт-Петербург, Россия.
                     St Petersburg, Russia
                  </dd><dt width="150" align="left">Dimensions</dt><dd>H. 108,0,W. 31,5,Th. 15,0</dd><dt width="150" align="left">Institution and inventory</dt><dd>Государственный Эрмитаж State HermitageХ.1974.1 Х.1974.1</dd></dl></div><div id="text-field"><h3 class="iospe">Inscribed field</h3><dl class="iospe"><dt width="150" align="left">Placement of text</dt><dd>
                           
                           
                        </dd><dt width="150" align="left">Style of lettering</dt><dd/><dt width="150" align="left">Letterheights</dt><dd>1,8</dd></dl></div><div id="text"><h3 class="iospe">Text</h3><dl class="iospe"><dt>Origin</dt><dd>
                        Херсонес.
                        Chersonesos.
                     </dd><dt>Category</dt><dd>
                     Надгробная надпись.
                     Epitaph.
                  </dd><dt>Date</dt><dd>
                        Кон. IV - 1-я пол. III в. до н.э.
                        Late IVth - 1st half of IIIrd century B.C.E.
                     </dd><dt>Dating criteria</dt><dd>палеография</dd><dt>Editions</dt><dd><div id="bibliography"><h2>bibliography</h2>  <ul> , 68, № 27  161 , 434, № 27 </ul> </div><div id="bibliography"><h2>bibliography: commentaries</h2>  <ul> , 38, № 27 </ul> </div></dd></dl><div id="edition" class="iospe"><div id="edition" lang="grc">  <div class="textpart"><span class="ab">  <a id="al1"><!--0--></a>Αἰσχίνας <br id="al2"/>Γέροντος. </span></div>  </div></div><div id="apparatus" class="iospe"><h4 class="iospe">Apparatus</h4>  <span class="">  <span/>  </span>  </div><div id="translation" class="iospe"><h4 class="iospe">Translation</h4><p>Эсхин, (сын) Геронта.</p><p>Aischinas, (son of) Geron.</p></div><div id="commentary" class="iospe"><h4 class="iospe">Commentary</h4><p>Согласно атрибуции Posamentir 2011, 38 стела относится к «кругу мастерской Санниона». Другие примеры использования этих личных имен в Херсонесе см. LGPN IV.</p><p/></div></div></body></html>