<?xml version="1.0" encoding="UTF-8"?><html><head><title>Метрическая эпитафия Metrical epitaph</title><meta http-equiv="content-type" content="text/html; charset=UTF-8"/><link rel="stylesheet" type="text/css" media="screen, projection" href="../xsl/global.css"/></head><body><h1>Метрическая эпитафия Metrical epitaph</h1><p><b>Tablet: </b>Обломана со всех сторон. Лицевой фас плиты тщательно
                              обработан, тыльная сторона плиты обработана суммарно. На лицевой
                              стороне сохранилось двенадцать строк надписи, вырезанной по
                              предварительной разметке.<br/><b>Dialect: </b>
                           
                           
                        <br/><b>Alphabet: </b>
                        Буквы вырезаны глубоко, некоторые из них слегка наклонены
                           вправо, правая гаста дельты и лямбды выступает за пересечение с левой
                           гастой, тета с не доходящей до краев окружности перекладиной, линии
                           некоторых букв слегка изогнуты, крупные апексы на концах линий
                           букв.
                        Deeply cut letters, some slightly lean to the right, alpha and delta with projecting right diagonal
                        1,0
                     </p><p><b>Date: </b>
                        II в. н.э.
                        IInd century C.E.
                     </p><p><b>Findspot: </b>
                     
                        Севастополь (Херсонес).
                        Найдена в 1987 г. в юго-восточном районе херсонесского городища на участке «цитадели» в засыпи куртины 19 оборонительной стены. Раскопки И.А. Антоновой.
                        
                     
                     
                        Sevastopol (Chersonesos).
                        Found in....
                        
                     
                  <br/><b>Original location: </b>
                        Херсонес.
                        Chersonesos.
                     <br/><b>Current location: </b>
                     Севастополь.
                     Sevastopol.
                  </p><p><b>Bibliography: </b><br/><b>Editor: </b>ИринаПолинскаяIrenePolinskaya<br/><b>Text constituted from: </b></p><div id="edition"><div id="edition" lang="grc">  <div class="textpart"><span class="ab">  <a id="al0"><!--0--></a>( vac. ) <br id="al1"/><div class="textpart" lang="grc"><span lang="en" class="gap">[------?</span> ἔκρυψ]ε̣ χ̣θὼν μὲν ΡΑ<span lang="en" class="gap">[---]</span>  <br id="al2"/><span lang="en" class="gap">[------</span>σῶ]μ̣'̣ ὑποδεξαμέν̣[α <span lang="en" class="gap">------]</span></div>  <br id="al3"/><div class="textpart" lang="grc"><span lang="en" class="gap">[------</span> ψυχὰ] πταμένα ποτ’ Ὄλυμ̣[πον] <br id="al4"/><span lang="en" class="gap">[------</span> μ]ε&lt;λ&gt;ισταγέος ( vac. ).</div>  <br id="al5"/><span class="linenumber">5</span><div class="textpart" lang="grc"><span lang="en" class="gap">[------</span> Ἀίδας?] ε̣ὐνὰς ἐπόρεξε ταν̣[ύσας <span lang="en" class="gap">---]</span>  <br id="al6"/><span lang="en" class="gap">[------</span> ο]ἴμου ( vac. 4). ἐπουρα̣ν[ίων <span lang="en" class="gap">---]</span></div>  <br id="al7"/><div class="textpart" lang="grc"><span lang="en" class="gap">[------]</span> ὑπὸ δαίμονος ἁρπ̣[α<span lang="en" class="gap">------]</span>  <br id="al8"/><span lang="en" class="gap">[------</span> θεᾷ π]ε̣ίθεθ’ ὑποχθονίᾳ ( vac. )</div>  <br id="al9"/><div class="textpart" lang="grc"><span lang="en" class="gap">[------]</span>ΛΛΟΣ ἔφυ ΚΑΚΟ<span lang="en" class="gap">[.]</span>Η<span lang="en" class="gap">[---]</span>  <br id="al10"/><span class="linenumber">10</span><span lang="en" class="gap">[------]</span>Σ φωτὸς ΙΔΜ̣<span lang="en" class="gap">[---]</span></div>  <br id="al11"/><div class="textpart" lang="grc"><span lang="en" class="gap">[------</span> Ἄιδο]ς ἀστεμφέο[ς <span lang="en" class="gap">---]</span>  <br id="al12"/><span lang="en" class="gap">[------</span> π]ά̣γχυ ποιή̣[σας? <span lang="en" class="gap">---]</span></div>  <br id="al13"/>( vac. ) </span></div>  </div></div><div id="apparatus"><h4 class="slimmer">Apparatus:</h4></div><div id="translation"><h4 class="slimmer">Translation:</h4><p>[--- Аид] широко расстелил (свое) ложе, --- дороги бессмертных, --- похищенному роком, --- повиновался подземной [богине ---].</p><p/></div><div id="commentary"><h4 class="slimmer">Commentary:</h4><p> Метрически завершение укороченных строк 4 и 8 соответствует одной и той же схеме: –∪∪–, что указывает на окончание пентаметра.</p><p>II в. н.э. (вероятно, вторая треть II в. н.э.).</p><p>II century C.E. (probably middle of II century).</p></div><p><b>Themes / Keywords: </b></p></body></html>