<?xml version="1.0" encoding="UTF-8"?><html><head><title>Taisho Tripitaka, Electronic version, No. 0001 長阿含經</title><meta http-equiv="content-type" content="text/html; charset=UTF-8"/><link rel="stylesheet" type="text/css" media="screen, projection" href="../xsl/global.css"/></head><body><h1>Taisho Tripitaka, Electronic version, No. 0001 長阿含經</h1><p><b>Tablet: </b>Unknown<br/><b>Dialect: </b>Unknown.<br/><b>Alphabet: </b></p><p><b>Date: </b>Unknown.</p><p><b>Findspot: </b>Unknown<br/><b>Original location: </b>Unknown<br/><b>Current location: </b>Unknown</p><p><b>Bibliography: </b><br/><b>Editor: </b><br/><b>Text constituted from: </b></p><div id="edition"/><div id="apparatus"><h4 class="slimmer">Apparatus:</h4></div><div id="translation"><h4 class="slimmer">Translation:</h4></div><div id="commentary"><h4 class="slimmer">Commentary:</h4></div><p><b>Themes / Keywords: </b></p></body></html>