<?xml version="1.0" encoding="UTF-8"?><html><head><title>Taisho Tripitaka, Electronic version, No. 0001 長阿含經</title><meta http-equiv="content-type" content="text/html; charset=UTF-8"/><link rel="stylesheet" type="text/css" media="screen, projection" href="../xsl/global.css"/></head><body><h1>Taisho Tripitaka, Electronic version, No. 0001 長阿含經</h1><div id="stone"><h3 class="iospe">Monument</h3><dl class="iospe"><dt width="150" align="left">Type of monument</dt><dd>Not specified</dd><dt width="150" align="left">Material</dt><dd>Not specified</dd><dt width="150" align="left">Description and condition</dt><dd>Not specified</dd></dl><dl class="iospe"><dt width="150" align="left">Find place</dt><dd>Unknown</dd><dt width="150" align="left">Find circumstances</dt><dd>Unknown</dd><dt width="150" align="left">Find context</dt><dd>Unknown</dd><dt width="150" align="left">Modern location</dt><dd>Unknown</dd><dt width="150" align="left">Dimensions</dt><dd>Unknown</dd><dt width="150" align="left">Institution and inventory</dt><dd>Unknown</dd></dl></div><div id="text-field"><h3 class="iospe">Inscribed field</h3><dl class="iospe"><dt width="150" align="left">Placement of text</dt><dd>Not specified</dd><dt width="150" align="left">Style of lettering</dt><dd>Not specified</dd><dt width="150" align="left">Letterheights</dt><dd>Not specified</dd></dl></div><div id="text"><h3 class="iospe">Text</h3><dl class="iospe"><dt>Origin</dt><dd>Not specified</dd><dt>Category</dt><dd>Not specified</dd><dt>Date</dt><dd>Not specified</dd><dt>Dating criteria</dt><dd>n/a</dd><dt>Editions</dt><dd>Unpublished</dd></dl><div id="edition" class="iospe"/><div id="apparatus" class="iospe"><h4 class="iospe">Apparatus</h4></div><div id="translation" class="iospe"><h4 class="iospe">Translation</h4></div><div id="commentary" class="iospe"><h4 class="iospe">Commentary</h4></div></div></body></html>