<?xml version="1.0" encoding="UTF-8"?><html><head><title>Taisho Tripitaka, Electronic version, No. 0001 長阿含經</title><meta http-equiv="content-type" content="text/html; charset=UTF-8"/><link rel="stylesheet" type="text/css" media="screen, projection" href="../xsl/global.css"/></head><body><h1>Taisho Tripitaka, Electronic version, No. 0001 長阿含經</h1><p><b>Description: </b>Unknown<br/><b>Text: </b>Unknown.<br/><b>Letters: </b></p><p><b>Date: </b>Unknown.</p><p/><p><b>Bibliography: </b><br/><b>Text constituted from: </b></p><div id="edition"><p><b>Edition:</b></p></div><div id="apparatus"/><div id="translation"><h4 class="slimmer">Translation:</h4></div><div id="commentary"><h4 class="slimmer">Commentary:</h4></div></body></html>