<?xml version="1.0" encoding="UTF-8"?><html><head><title>T22300. Fragmentary ephebic names</title><meta http-equiv="content-type" content="text/html; charset=UTF-8"/><link rel="stylesheet" type="text/css" media="screen, projection" href="../xsl/global.css"/></head><body>  <div id="bibliography">  <h3>Bibliography</h3>  <p/>  </div>  <div id="edition" lang="grc"><span class="textpartnumber" id="abi">i</span><div class="textpart"><span class="ab">  <a id="ai-l1"><!--0--></a><span lang="en" class="gap">[---]</span>Α̣ΖΗ̣<span lang="en" class="gap">[---]</span>  <br id="ai-l2"/><span lang="en" class="gap">[---]</span>Η̣ΙΑΙ̣<span lang="en" class="gap">[---]</span>  </span></div><span class="textpartnumber" id="abii">ii</span><div class="textpart"><span class="ab">  <a id="aii-l1"><!--0--></a><span lang="en" class="gap">[---</span>Δ]άφνις Ι<span lang="en" class="gap">[---]</span>  <br id="aii-l2"/><span lang="en" class="gap">[---]</span>ΑΡΑ̣<span lang="en" class="gap">[---]</span>  </span></div>  </div>  <div id="translation"><h3>Translation</h3><p/></div>  <div id="commentary">  <h3>Commentary</h3>  <p/>  </div>  <div id="license"> <p>Creative Commons licence Attribution UK 2.0 (http://creativecommons.org/licenses/by/2.0/uk/)</p> <p>All reuse or distribution of this work must contain somewhere a link back to the URL http://inslib.kcl.ac.uk/ </p> </div></body></html>