<?xml version="1.0" encoding="UTF-8"?><html><head><title>Fragmentary ephebic names</title><meta http-equiv="content-type" content="text/html; charset=UTF-8"/><link rel="stylesheet" type="text/css" media="screen, projection" href="../xsl/global.css"/></head><body><h1>Fragmentary ephebic names</h1><div id="stone"><h3 class="iospe">Monument</h3><dl class="iospe"><dt width="150" align="left">Type of monument</dt><dd>Not specified</dd><dt width="150" align="left">Material</dt><dd>Sandstone</dd><dt width="150" align="left">Description and condition</dt><dd>Sandstone block.</dd></dl><dl class="iospe"><dt width="150" align="left">Find place</dt><dd>Teuchira</dd><dt width="150" align="left">Find circumstances</dt><dd>Unknown</dd><dt width="150" align="left">Find context</dt><dd>Unknown</dd><dt width="150" align="left">Modern location</dt><dd>
                           Reused in a modern wall, South of the city-wall.
                        </dd><dt width="150" align="left">Dimensions</dt><dd>Unknown</dd><dt width="150" align="left">Institution and inventory</dt><dd>Unknown</dd></dl></div><div id="text-field"><h3 class="iospe">Inscribed field</h3><dl class="iospe"><dt width="150" align="left">Placement of text</dt><dd>Incised on the face, in two hands</dd><dt width="150" align="left">Style of lettering</dt><dd/><dt width="150" align="left">Letterheights</dt><dd>0.06-0.08 0.09</dd></dl></div><div id="text"><h3 class="iospe">Text</h3><dl class="iospe"><dt>Origin</dt><dd>Gymnasium</dd><dt>Category</dt><dd>Not specified</dd><dt>Date</dt><dd>Late first century B.C.- early second century A.D. </dd><dt>Dating criteria</dt><dd>lettering,, context</dd><dt>Editions</dt><dd><div id="bibliography"> <h3>Bibliography</h3> <p/> </div></dd></dl><div id="edition" class="iospe"><div id="edition" lang="grc"><span class="textpartnumber" id="abi">i</span><div class="textpart"><span class="ab">  <a id="ai-l1"><!--0--></a><span lang="en" class="gap">[---]</span>Α̣ΖΗ̣<span lang="en" class="gap">[---]</span>  <br id="ai-l2"/><span lang="en" class="gap">[---]</span>Η̣ΙΑΙ̣<span lang="en" class="gap">[---]</span>  </span></div><span class="textpartnumber" id="abii">ii</span><div class="textpart"><span class="ab">  <a id="aii-l1"><!--0--></a><span lang="en" class="gap">[---</span>Δ]άφνις Ι<span lang="en" class="gap">[---]</span>  <br id="aii-l2"/><span lang="en" class="gap">[---]</span>ΑΡΑ̣<span lang="en" class="gap">[---]</span>  </span></div>  </div></div><div id="apparatus" class="iospe"><h4 class="iospe">Apparatus</h4></div><div id="translation" class="iospe"><h4 class="iospe">Translation</h4><p/></div><div id="commentary" class="iospe"><h4 class="iospe">Commentary</h4><p/></div></div></body></html>