<?xml version="1.0" encoding="UTF-8"?><html><head><title>T. 223. Fragmentary ephebic names</title><meta http-equiv="content-type" content="text/html; charset=UTF-8"/><link rel="stylesheet" type="text/css" media="screen, projection" href="../xsl/global.css"/></head><body><h1>T. 223. Fragmentary ephebic names</h1><p><b>Tablet: </b>Sandstone block.<br/><b>Dialect: </b>Incised on the face, in two hands<br/><b>Alphabet: </b>i: 0.06-0.08;  ii: 0.09.</p><p><b>Date: </b>Late first century B.C.- early second century A.D. </p><p><b>Findspot: </b>
                           
                              <a href="http://pleiades.stoa.org/places/373736">Teuchira</a>: 
                              South Wall: The second Tower, the first tower to the west of the angle.
                        <br/><b>Original location: </b>Gymnasium<br/><b>Current location: </b>
                           Reused in a modern wall, South of the city-wall.
                        </p><p><b>Bibliography: </b><br/><b>Editor: </b>Joyce M. Reynolds<br/><b>Text constituted from: </b>Transcription (Reynolds).</p><div id="edition"><div id="edition" lang="grc"><span class="textpartnumber" id="abi">i</span><div class="textpart"><span class="ab">  <a id="ai-l1"><!--0--></a><span lang="en" class="gap">[---]</span>Α̣ΖΗ̣<span lang="en" class="gap">[---]</span>  <br id="ai-l2"/><span lang="en" class="gap">[---]</span>Η̣ΙΑΙ̣<span lang="en" class="gap">[---]</span>  </span></div><span class="textpartnumber" id="abii">ii</span><div class="textpart"><span class="ab">  <a id="aii-l1"><!--0--></a><span lang="en" class="gap">[---</span>Δ]άφνις Ι<span lang="en" class="gap">[---]</span>  <br id="aii-l2"/><span lang="en" class="gap">[---]</span>ΑΡΑ̣<span lang="en" class="gap">[---]</span>  </span></div>  </div></div><div id="apparatus"><h4 class="slimmer">Apparatus:</h4></div><div id="translation"><h4 class="slimmer">Translation:</h4><p/></div><div id="commentary"><h4 class="slimmer">Commentary:</h4><p/></div><p><b>Themes / Keywords: </b></p></body></html>