<?xml version="1.0" encoding="UTF-8"?><html><head><title>Ephebic (perhaps) inscription.</title><meta http-equiv="content-type" content="text/html; charset=UTF-8"/><link rel="stylesheet" type="text/css" media="screen, projection" href="../xsl/global.css"/></head><body><h1>Ephebic (perhaps) inscription.</h1><div id="stone"><h3 class="iospe">Monument</h3><dl class="iospe"><dt width="150" align="left">Type of monument</dt><dd>Not specified</dd><dt width="150" align="left">Material</dt><dd>Not specified</dd><dt width="150" align="left">Description and condition</dt><dd>Apparently a rectangular block, ?in a wall.</dd></dl><dl class="iospe"><dt width="150" align="left">Find place</dt><dd>Taucheira</dd><dt width="150" align="left">Find circumstances</dt><dd>Unknown</dd><dt width="150" align="left">Find context</dt><dd>Unknown</dd><dt width="150" align="left">Modern location</dt><dd>
                           Findspot (1825)
                        </dd><dt width="150" align="left">Dimensions</dt><dd>Unknown</dd><dt width="150" align="left">Institution and inventory</dt><dd>Unknown</dd></dl></div><div id="text-field"><h3 class="iospe">Inscribed field</h3><dl class="iospe"><dt width="150" align="left">Placement of text</dt><dd>Inscribed on one face.</dd><dt width="150" align="left">Style of lettering</dt><dd/><dt width="150" align="left">Letterheights</dt><dd>Not specified</dd></dl></div><div id="text"><h3 class="iospe">Text</h3><dl class="iospe"><dt>Origin</dt><dd>Unknown.</dd><dt>Category</dt><dd>Not specified</dd><dt>Date</dt><dd>First to second centuries A.D.</dd><dt>Dating criteria</dt><dd>lettering</dd><dt>Editions</dt><dd><div id="bibliography"> <h3>Bibliography</h3> <p>  pl. LXXXI, whence  5329. </p> </div></dd></dl><div id="edition" class="iospe"><div id="edition" lang="grc">  <div class="textpart"><span class="ab">  <a id="al1"><!--0--></a>Πασικλ̣ῆ̣ϲ <br id="al2"/>Ϲώ̣[ϲ]ο[υ] (ἔτουϲ) λ´ ι̣- <br id="al3"/>α´ Χοι[άκ] </span></div>  </div></div><div id="apparatus" class="iospe"><h4 class="iospe">Apparatus</h4>  <span class="1">1: ΠΑΣΙΚΑΙϹ </span><br/>  <span class="2">2: ϹΟΟΞΛΙ ; Σ[ώσου (ἐτῶν)] λ[γʹ] </span>  </div><div id="translation" class="iospe"><h4 class="iospe">Translation</h4><p/></div><div id="commentary" class="iospe"><h4 class="iospe">Commentary</h4><p/></div></div></body></html>