<?xml version="1.0" encoding="UTF-8"?>
<html>
    <head>
        <title>title of document</title>
        <meta http-equiv="content-type" content="text/html; charset=UTF-8" />
        <link rel="stylesheet" type="text/css" media="screen, projection" href="../xsl/global.css"
         />
    </head>
    <body>
        <div id="edition" lang="en">
            <div class="textpart" lang="en">
                <span class="ab">
                    <a id="al1"><!--0--></a>ex. 1 (GL): – abc |<sup>23</sup> def <br id="al2" />ex.
                    2 (GL): – abc |<sup>24</sup> def <br id="al3" />ex. 3 (fragment) – abc | def <br
                        id="al4" />ex. 4 (bloc) – abc | def <br id="al5" /><span class="linenumber"
                        >5</span>ex. 5 (unnumbered) – abc | def <br id="al6" />ex. 6 (fragment with
                    @n) – abc |<sup>2</sup> def <br id="al7" />ex. 7 (inword fragment) –
                        abc|<sup>1</sup>def <br id="al8" />ex. 8 (inword block) –
                    abc|<sup>1</sup>def </span>
            </div>
        </div>
        <div id="apparatus">
            <h4>Apparatus criticus</h4>
            <p> 
            <p>external apparatus criticus (if applicable)</p>
        </div>
        <div id="translation">
            <h2> translation</h2>
            <p>translation(s)</p>
        </div>
        <div id="commentary">
            <h2>commentary</h2>
            <p>commentary</p>
        </div>
        <div id="bibliography">
            <h2>bibliography</h2>
            <p>bibliography of previous editions, discussion, etc.</p>
        </div>
        <div id="license"></div>
    </body>
</html>
